============================= test session starts =============================
platform win32 -- Python 3.11.4, pytest-9.0.2, pluggy-1.6.0
rootdir: C:\Users\pc\Desktop\Vibe-projects\MCP_data_Analyste
configfile: pyproject.toml
testpaths: tests
plugins: anyio-4.12.1, langsmith-0.6.4, asyncio-1.3.0
asyncio: mode=Mode.AUTO, debug=False, asyncio_default_fixture_loop_scope=None, asyncio_default_test_loop_scope=function
collected 2 items / 1 error

=================================== ERRORS ====================================
____________ ERROR collecting tests/unit/mcp_server/test_server.py ____________
ImportError while importing test module 'C:\Users\pc\Desktop\Vibe-projects\MCP_data_Analyste\tests\unit\mcp_server\test_server.py'.
Hint: make sure your test modules/packages have valid Python names.
Traceback:
..\..\..\AppData\Local\Programs\Python\Python311\Lib\importlib\__init__.py:126: in import_module
    return _bootstrap._gcd_import(name[level:], package, level)
           ^^^^^^^^^^^^^^^^^^^^^^^^^^^^^^^^^^^^^^^^^^^^^^^^^^^^
tests\unit\mcp_server\test_server.py:2: in <module>
    from services.mcp_server.server import QueryAnalyzer
services\mcp_server\server.py:23: in <module>
    from mcp.server.fastapi import create_mcp_router
E   ModuleNotFoundError: No module named 'mcp.server.fastapi'
=========================== short test summary info ===========================
ERROR tests/unit/mcp_server/test_server.py
!!!!!!!!!!!!!!!!!!! Interrupted: 1 error during collection !!!!!!!!!!!!!!!!!!!!
============================== 1 error in 2.47s ===============================
